
> nepalstay@1.0.0 build
> next build

  Γû▓ Next.js 14.2.5
  - Environments: .env
  - Experiments (use with caution):
    ┬╖ optimizeCss

   Creating an optimized production build ...
